[Storage] Creating user: {"name":"Animus","email":"Animus@gmail.com","password":"123456"}
[Storage] Creating user: {"name":"Tarzan","email":"tarzan@gmail.com","password":"123456789"}
[Storage] Creating user: {"name":"logicfix","email":"logicfix@test.com","password":"password123"}
[Storage] Creating user: {"name":"Balco","email":"Balco@gmail.com","password":"123456"}
[Storage] Creating user: {"name":"yashwantpan197","email":"yashwantpan197@gmail.com","password":"123456"}
[Storage] Creating user: {"name":"session","email":"session@test.com","password":"password123"}
[Storage] Creating user: {"name":"Walter","email":"Walter@gmail.com","password":"123456"}
[Storage] Creating user: {"name":"Henry","email":"Henry@gmail.com","password":"123456789"}
[Storage] Creating user: {"name":"stranger","email":"stranger@test.com","password":"password123"}
[Storage] Creating user: {"name":"Bro","email":"Bro@gmail.com","password":"123456"}
[Storage] Creating user: {"name":"Brilliant","email":"brilliant@gmail.com","password":"123456"}
[Storage] Creating user: {"name":"Brilliant","email":"Brilliant@gmail.com","password":"123456"}
[Storage] Creating user: {"name":"Anljali","email":"Anljali@gmail.com","password":"1706"}
[Storage] Creating user: {"name":"Anjali","email":"Anjali@gmail.com","password":"123456789"}
[Storage] Creating user: {"name":"Ukraine","email":"Ukraine@gmail.com","password":"1234"}
[Storage] Creating user: {"name":"Fred","email":"Fred@gmail.com","password":"123789"}
[Storage] Creating user: {"name":"Rajat","email":"Rajat@gmail.com","password":"R@jat"}
[Storage] Creating user: {"name":"Richard","email":"richard@gmail.com","password":"951236"}
[Storage] Creating user: {"name":"yashwant","email":"yashwant@gamail.com","password":"123456"}
[Storage] Creating user: {"name":"Yashwant Pan","email":"yashwantpan197@gmail.com","password":"123456789"}
[Storage] Creating user: {"name":"test","email":"test@test.com","password":"password"}
[Storage] Creating user: {"name":"yashwantpan197","email":"yashwantpan197@gmail.com","password":"123456789"}
[Storage] Creating user: {"name":"yashwantpan197","email":"yashwantpan197@gmail.com","password":"123456"}
[Storage] Creating user: {"name":"Animus","email":"Animus@gmail.com","password":"123456789"}
[Storage] Creating user: {"name":"yashwantpan197","email":"yashwantpan197@gmail.com","password":"123456789"}
[Storage] Creating user: {"name":"yashwantpan197","email":"yashwantpan197@gmail.com","password":"123456789"}
[Storage] Creating user: {"name":"yashwantpan197","email":"yashwantpan197@gmail.com","password":"123456789"}
[Storage] Creating user: {"name":"Tejesh","email":"Tejesh@gmail.com","password":"123456789"}
[Storage] Creating user: {"name":"tejesh","email":"tejesh@gmail.com","password":"123456789"}
[Storage] Creating user: {"name":"shubhamips2002","email":"shubhamips2002@gmail.com","password":"shubham@1234"}
[Storage] Creating user: {"name":"Raone","email":"Raone@gmail.com","password":"123456"}
[Storage] Creating user: {"name":"James","email":"James@gmail.com","password":"123456\\"}
[Storage] Creating user: {"name":"raushan8877799","email":"raushan8877799@gmail.com","password":"123456"}
[Storage] Creating user: {"name":"Akash","email":"Akash@gmail.com","password":"123456"}
[Storage] Creating user: {"name":"Tejesh","email":"Tejesh@gmail.com","password":"123456"}
[Storage] Creating user: {"name":"yashwantpan197","email":"yashwantpan197@gmail.com","password":"123456"}
[Storage] Creating user: {"name":"yashwantpan197","email":"yashwantpan197@gmail.com","password":"123456"}
[Storage] Creating user: {"name":"yashwantpan197","email":"yashwantpan197@gmail.com","password":"123456"}
[Storage] Creating user: {"name":"yashwantpan197","email":"yashwantpan197@gmail.com","password":"1234"}
[Storage] Creating user: {"name":"keshav","email":"keshav@gmail.com","password":"KeshaV@123"}
[Storage] Creating user: {"name":"KESHAV","email":"KESHAV@gmail.com","password":"Keshav@123"}
[Storage] Creating user: {"name":"test","email":"test@example.com","password":"password"}
[Storage] Creating user: {"name":"yashwantpan197","email":"yashwantpan197@gmail.com","password":"123456"}
[Storage] Creating user: {"name":"test","email":"test@example.com","password":"password"}
[Storage] Creating user: {"name":"yashwantpan197","email":"yashwantpan197@gmail.com","password":"123"}
[Storage] Creating user: {"name":"yashwantpan197","email":"yashwantpan197@gmail.com1236345","password":"12345"}
[Storage] Creating user: {"name":"Test User","email":"test@kalinga.ac.in","password":"password123"}
[Storage] Creating user: {"name":"test","email":"test@kalinga.edu","password":"password"}
[Storage] Creating user: {"name":"test","email":"test@kalinga.edu","password":"password"}
[Storage] Creating user: {"name":"yashwantpan197","email":"yashwantpan197@gmail.com","password":"1234"}
[Storage] Creating user: {"name":"test","email":"test@kalinga.edu","password":"password"}
[Storage] Creating user: {"name":"test","email":"test@kalinga.edu","password":"password"}
[Storage] Creating user: {"name":"yashwantpan197","email":"yashwantpan197@gmail.com","password":"123456"}
[Storage] Creating user: {"name":"name","email":"name@example","password":"1234"}
[Storage] Creating user: {"name":"yashwantpan197","email":"yashwantpan197@gmail.com","password":"1234"}
[Storage] Creating user: {"name":"test","email":"test@kalinga.edu","password":"password"}
[Storage] Creating user: {"name":"Stream Test","password":"password123"}
[Storage] Creating user: {"name":"Stream Test","password":"password123"}
[Storage] Creating user: {"name":"Stream Test","password":"password123"}
[Storage] Creating user: {"name":"streamtest","email":"streamtest@kalinga.edu","password":"password123"}
[Storage] Creating user: {"name":"yashwantpan197","email":"yashwantpan197@gmail.com","password":"123456"}
